// Jest Snapshot v1, https://goo.gl/fbAQLP

exports[`MoviePageReviews is rendered correctly 1`] = `
Array [
  <div
    className="movie-card__reviews movie-card__row"
  >
    <div
      className="movie-card__reviews-col"
    >
      <div
        className="review"
      >
        <blockquote
          className="review__quote"
        >
          <p
            className="review__text"
          />
          <footer
            className="review__details"
          >
            <cite
              className="review__author"
            />
            <time
              className="review__date"
              dateTime="2016-12-24"
            >
              December 24, 2016
            </time>
          </footer>
        </blockquote>
        <div
          className="review__rating"
        />
      </div>
      <div
        className="review"
      >
        <blockquote
          className="review__quote"
        >
          <p
            className="review__text"
          />
          <footer
            className="review__details"
          >
            <cite
              className="review__author"
            />
            <time
              className="review__date"
              dateTime="2016-12-24"
            >
              December 24, 2016
            </time>
          </footer>
        </blockquote>
        <div
          className="review__rating"
        />
      </div>
      <div
        className="review"
      >
        <blockquote
          className="review__quote"
        >
          <p
            className="review__text"
          />
          <footer
            className="review__details"
          >
            <cite
              className="review__author"
            />
            <time
              className="review__date"
              dateTime="2016-12-24"
            >
              December 24, 2016
            </time>
          </footer>
        </blockquote>
        <div
          className="review__rating"
        />
      </div>
    </div>
    <div
      className="movie-card__reviews-col"
    >
      <div
        className="review"
      >
        <blockquote
          className="review__quote"
        >
          <p
            className="review__text"
          />
          <footer
            className="review__details"
          >
            <cite
              className="review__author"
            />
            <time
              className="review__date"
              dateTime="2016-12-24"
            >
              December 24, 2016
            </time>
          </footer>
        </blockquote>
        <div
          className="review__rating"
        />
      </div>
      <div
        className="review"
      >
        <blockquote
          className="review__quote"
        >
          <p
            className="review__text"
          />
          <footer
            className="review__details"
          >
            <cite
              className="review__author"
            />
            <time
              className="review__date"
              dateTime="2016-12-24"
            >
              December 24, 2016
            </time>
          </footer>
        </blockquote>
        <div
          className="review__rating"
        />
      </div>
    </div>
  </div>,
  ")",
]
`;
