// Jest Snapshot v1, https://goo.gl/fbAQLP

exports[`Should MovieList render correctly 1`] = `
Array [
  <article
    className="small-movie-card catalog__movies-card"
    onClick={[Function]}
  >
    <div
      className="small-movie-card__image"
      onMouseEnter={[Function]}
      onMouseLeave={[Function]}
    >
      <video
        className="player__video"
        poster="somePath"
        src="somePath"
      />
    </div>
    <h3
      className="small-movie-card__title"
    >
      <a
        className="small-movie-card__link"
        href="movie-page.html"
      >
        Mindhunter
      </a>
    </h3>
  </article>,
  <article
    className="small-movie-card catalog__movies-card"
    onClick={[Function]}
  >
    <div
      className="small-movie-card__image"
      onMouseEnter={[Function]}
      onMouseLeave={[Function]}
    >
      <video
        className="player__video"
        poster="somePath"
        src="somePath"
      />
    </div>
    <h3
      className="small-movie-card__title"
    >
      <a
        className="small-movie-card__link"
        href="movie-page.html"
      >
        Midnight Special
      </a>
    </h3>
  </article>,
  <article
    className="small-movie-card catalog__movies-card"
    onClick={[Function]}
  >
    <div
      className="small-movie-card__image"
      onMouseEnter={[Function]}
      onMouseLeave={[Function]}
    >
      <video
        className="player__video"
        poster="somePath"
        src="somePath"
      />
    </div>
    <h3
      className="small-movie-card__title"
    >
      <a
        className="small-movie-card__link"
        href="movie-page.html"
      >
        Mindhunter
      </a>
    </h3>
  </article>,
  <article
    className="small-movie-card catalog__movies-card"
    onClick={[Function]}
  >
    <div
      className="small-movie-card__image"
      onMouseEnter={[Function]}
      onMouseLeave={[Function]}
    >
      <video
        className="player__video"
        poster="somePath"
        src="somePath"
      />
    </div>
    <h3
      className="small-movie-card__title"
    >
      <a
        className="small-movie-card__link"
        href="movie-page.html"
      >
        Midnight Special
      </a>
    </h3>
  </article>,
]
`;
